info  step host=node0 phase=sync step_name="mkdir node0"
info  step host=local phase=sync step_name="copy bench scripts to node0"
info  step host=node0 phase=clean step_name="stop stale processes on node0"
info  step host=node0 phase=preflight step_name="probe node0"
info  step host=node0 phase=launch step_name="start static-batch benchmark"
info  step host=node0 phase=wait step_name="static-batch results"
info  poll alive=True expected=9 progress=0 wait="static-batch results"
info  step host=node0 phase=wait step_name="static-batch results"
info  poll alive=True expected=9 progress=0 wait="static-batch results"
info  step host=node0 phase=wait step_name="static-batch results"
info  poll alive=True expected=9 progress=0 wait="static-batch results"
info  step host=node0 phase=wait step_name="static-batch results"
info  poll alive=True expected=9 progress=0 wait="static-batch results"
info  step host=node0 phase=wait step_name="static-batch results"
info  poll alive=True expected=9 progress=1 wait="static-batch results"
info  step host=node0 phase=wait step_name="static-batch results"
info  poll alive=True expected=9 progress=1 wait="static-batch results"
info  step host=node0 phase=wait step_name="static-batch results"
info  poll alive=True expected=9 progress=2 wait="static-batch results"
info  step host=node0 phase=wait step_name="static-batch results"
info  poll alive=True expected=9 progress=2 wait="static-batch results"
info  step host=node0 phase=wait step_name="static-batch results"
info  poll alive=True expected=9 progress=3 wait="static-batch results"
info  step host=node0 phase=wait step_name="static-batch results"
info  poll alive=True expected=9 progress=3 wait="static-batch results"
info  step host=node0 phase=wait step_name="static-batch results"
info  poll alive=True expected=9 progress=4 wait="static-batch results"
info  step host=node0 phase=wait step_name="static-batch results"
info  poll alive=True expected=9 progress=4 wait="static-batch results"
info  step host=node0 phase=wait step_name="static-batch results"
info  poll alive=True expected=9 progress=5 wait="static-batch results"
info  step host=node0 phase=wait step_name="static-batch results"
info  poll alive=True expected=9 progress=6 wait="static-batch results"
info  step host=node0 phase=wait step_name="static-batch results"
info  poll alive=True expected=9 progress=7 wait="static-batch results"
info  step host=node0 phase=wait step_name="static-batch results"
info  poll alive=True expected=9 progress=7 wait="static-batch results"
info  step host=node0 phase=wait step_name="static-batch results"
info  poll alive=False expected=9 progress=9 wait="static-batch results"
info  step host=node0 phase=collect step_name="dump container log"
info  step host=local phase=collect step_name="collect results.jsonl"
info  step host=local phase=collect step_name="collect bench.log"
info  step host=node0 phase=teardown step_name="stop stale processes on node0"
